Archive member included to satisfy reference by file (symbol)

D:/NXP/S32DS_ARM_v2.2/S32DS/build_tools/gcc_v6.3/gcc-6.3-arm32-eabi/arm-none-eabi/newlib/lib/thumb/v7e-m\libc.a(lib_a-exit.o)
                              D:/NXP/S32DS_ARM_v2.2/S32DS/build_tools/gcc_v6.3/gcc-6.3-arm32-eabi/arm-none-eabi/newlib/lib/thumb/v7e-m/crt0.o (exit)
D:/NXP/S32DS_ARM_v2.2/S32DS/build_tools/gcc_v6.3/gcc-6.3-arm32-eabi/arm-none-eabi/newlib/lib/thumb/v7e-m\libc.a(lib_a-impure.o)
                              D:/NXP/S32DS_ARM_v2.2/S32DS/build_tools/gcc_v6.3/gcc-6.3-arm32-eabi/arm-none-eabi/newlib/lib/thumb/v7e-m\libc.a(lib_a-exit.o) (_global_impure_ptr)
D:/NXP/S32DS_ARM_v2.2/S32DS/build_tools/gcc_v6.3/gcc-6.3-arm32-eabi/arm-none-eabi/newlib/lib/thumb/v7e-m\libc.a(lib_a-init.o)
                              D:/NXP/S32DS_ARM_v2.2/S32DS/build_tools/gcc_v6.3/gcc-6.3-arm32-eabi/arm-none-eabi/newlib/lib/thumb/v7e-m/crt0.o (__libc_init_array)
D:/NXP/S32DS_ARM_v2.2/S32DS/build_tools/gcc_v6.3/gcc-6.3-arm32-eabi/arm-none-eabi/newlib/lib/thumb/v7e-m\libc.a(lib_a-memset.o)
                              D:/NXP/S32DS_ARM_v2.2/S32DS/build_tools/gcc_v6.3/gcc-6.3-arm32-eabi/arm-none-eabi/newlib/lib/thumb/v7e-m/crt0.o (memset)
D:/NXP/S32DS_ARM_v2.2/S32DS/build_tools/gcc_v6.3/gcc-6.3-arm32-eabi/arm-none-eabi/newlib/lib/thumb/v7e-m\libc.a(lib_a-__call_atexit.o)
                              D:/NXP/S32DS_ARM_v2.2/S32DS/build_tools/gcc_v6.3/gcc-6.3-arm32-eabi/arm-none-eabi/newlib/lib/thumb/v7e-m\libc.a(lib_a-exit.o) (__call_exitprocs)
D:/NXP/S32DS_ARM_v2.2/S32DS/build_tools/gcc_v6.3/gcc-6.3-arm32-eabi/arm-none-eabi/newlib/lib/thumb/v7e-m\libc.a(lib_a-fini.o)
                              D:/NXP/S32DS_ARM_v2.2/S32DS/build_tools/gcc_v6.3/gcc-6.3-arm32-eabi/arm-none-eabi/newlib/lib/thumb/v7e-m\libc.a(lib_a-__call_atexit.o) (__libc_fini_array)
D:/NXP/S32DS_ARM_v2.2/S32DS/build_tools/gcc_v6.3/gcc-6.3-arm32-eabi/arm-none-eabi/newlib/lib/thumb/v7e-m\libc.a(lib_a-atexit.o)
                              D:/NXP/S32DS_ARM_v2.2/S32DS/build_tools/gcc_v6.3/gcc-6.3-arm32-eabi/arm-none-eabi/newlib/lib/thumb/v7e-m\libc.a(lib_a-__call_atexit.o) (atexit)
D:/NXP/S32DS_ARM_v2.2/S32DS/build_tools/gcc_v6.3/gcc-6.3-arm32-eabi/arm-none-eabi/newlib/lib/thumb/v7e-m\libc.a(lib_a-__atexit.o)
                              D:/NXP/S32DS_ARM_v2.2/S32DS/build_tools/gcc_v6.3/gcc-6.3-arm32-eabi/arm-none-eabi/newlib/lib/thumb/v7e-m\libc.a(lib_a-atexit.o) (__register_exitproc)
D:/NXP/S32DS_ARM_v2.2/S32DS/build_tools/gcc_v6.3/gcc-6.3-arm32-eabi/arm-none-eabi/newlib/lib/thumb/v7e-m\libnosys.a(_exit.o)
                              D:/NXP/S32DS_ARM_v2.2/S32DS/build_tools/gcc_v6.3/gcc-6.3-arm32-eabi/arm-none-eabi/newlib/lib/thumb/v7e-m\libc.a(lib_a-exit.o) (_exit)

Allocating common symbols
Common symbol       size              file

Det_ErrorId         0x8               ./MCAL/Det_TS_T40D2M10I6R0/src/Det.o
Det_RuntimeErrorId  0x8               ./MCAL/Det_TS_T40D2M10I6R0/src/Det.o
Det_RuntimeModuleId
                    0x10              ./MCAL/Det_TS_T40D2M10I6R0/src/Det.o
Det_TransientFaultId
                    0x8               ./MCAL/Det_TS_T40D2M10I6R0/src/Det.o
Det_InstanceId      0x8               ./MCAL/Det_TS_T40D2M10I6R0/src/Det.o
Det_TransientApiId  0x8               ./MCAL/Det_TS_T40D2M10I6R0/src/Det.o
Det_numEventErrors  0x4               ./MCAL/Det_TS_T40D2M10I6R0/src/Det.o
Det_numRuntimeEventErrors
                    0x4               ./MCAL/Det_TS_T40D2M10I6R0/src/Det.o
Det_ApiId           0x8               ./MCAL/Det_TS_T40D2M10I6R0/src/Det.o
Det_numTransientEventErrors
                    0x4               ./MCAL/Det_TS_T40D2M10I6R0/src/Det.o
Det_TransientModuleId
                    0x10              ./MCAL/Det_TS_T40D2M10I6R0/src/Det.o
Det_OverflowEvent   0x1               ./MCAL/Det_TS_T40D2M10I6R0/src/Det.o
Det_RuntimeApiId    0x8               ./MCAL/Det_TS_T40D2M10I6R0/src/Det.o
Det_TransientOverflowEvent
                    0x1               ./MCAL/Det_TS_T40D2M10I6R0/src/Det.o
Det_ModuleId        0x10              ./MCAL/Det_TS_T40D2M10I6R0/src/Det.o
Det_RuntimeOverflowEvent
                    0x1               ./MCAL/Det_TS_T40D2M10I6R0/src/Det.o
Det_TransientInstanceId
                    0x8               ./MCAL/Det_TS_T40D2M10I6R0/src/Det.o
Det_RuntimeInstanceId
                    0x8               ./MCAL/Det_TS_T40D2M10I6R0/src/Det.o

Discarded input sections

 .text          0x00000000        0x0 d:/nxp/s32ds_arm_v2.2/s32ds/build_tools/gcc_v6.3/gcc-6.3-arm32-eabi/bin/../lib/gcc/arm-none-eabi/6.3.1/thumb/v7e-m/crti.o
 .data          0x00000000        0x0 d:/nxp/s32ds_arm_v2.2/s32ds/build_tools/gcc_v6.3/gcc-6.3-arm32-eabi/bin/../lib/gcc/arm-none-eabi/6.3.1/thumb/v7e-m/crti.o
 .bss           0x00000000        0x0 d:/nxp/s32ds_arm_v2.2/s32ds/build_tools/gcc_v6.3/gcc-6.3-arm32-eabi/bin/../lib/gcc/arm-none-eabi/6.3.1/thumb/v7e-m/crti.o
[...]
Memory Configuration

Name             Origin             Length             Attributes
m_interrupts     0x00000000         0x00000400         xr
m_flash_config   0x00000400         0x00000010         xr
m_text           0x00000410         0x0017fbf0         xr
m_data           0x1ffe0000         0x00020000         rw
m_data_2         0x20000000         0x0001f000         rw
*default*        0x00000000         0xffffffff

Linker script and memory map

LOAD d:/nxp/s32ds_arm_v2.2/s32ds/build_tools/gcc_v6.3/gcc-6.3-arm32-eabi/bin/../lib/gcc/arm-none-eabi/6.3.1/thumb/v7e-m/crti.o
LOAD d:/nxp/s32ds_arm_v2.2/s32ds/build_tools/gcc_v6.3/gcc-6.3-arm32-eabi/bin/../lib/gcc/arm-none-eabi/6.3.1/thumb/v7e-m/crtbegin.o
LOAD D:/NXP/S32DS_ARM_v2.2/S32DS/build_tools/gcc_v6.3/gcc-6.3-arm32-eabi/arm-none-eabi/newlib/lib/thumb/v7e-m/crt0.o
LOAD ./MCAL/Config/Src/Mcu_Cfg.o
LOAD ./MCAL/Config/Src/Mcu_PBcfg.o
LOAD ./MCAL/Det_TS_T40D2M10I6R0/src/Det.o
LOAD ./MCAL/Mcu_TS_T40D2M10I6R0/src/Mcu.o
LOAD ./MCAL/Mcu_TS_T40D2M10I6R0/src/Mcu_CMU.o
LOAD ./MCAL/Mcu_TS_T40D2M10I6R0/src/Mcu_CMU_Irq.o
LOAD ./MCAL/Mcu_TS_T40D2M10I6R0/src/Mcu_CortexM4.o
LOAD ./MCAL/Mcu_TS_T40D2M10I6R0/src/Mcu_IPW.o
LOAD ./MCAL/Mcu_TS_T40D2M10I6R0/src/Mcu_IPW_Irq.o
LOAD ./MCAL/Mcu_TS_T40D2M10I6R0/src/Mcu_PCC.o
LOAD ./MCAL/Mcu_TS_T40D2M10I6R0/src/Mcu_PMC.o
LOAD ./MCAL/Mcu_TS_T40D2M10I6R0/src/Mcu_PMC_Irq.o
LOAD ./MCAL/Mcu_TS_T40D2M10I6R0/src/Mcu_RCM.o
LOAD ./MCAL/Mcu_TS_T40D2M10I6R0/src/Mcu_RCM_Irq.o
LOAD ./MCAL/Mcu_TS_T40D2M10I6R0/src/Mcu_SCG.o
LOAD ./MCAL/Mcu_TS_T40D2M10I6R0/src/Mcu_SIM.o
LOAD ./MCAL/Mcu_TS_T40D2M10I6R0/src/Mcu_SMC.o
LOAD ./Project_Settings/Startup_Code/startup.o
LOAD ./Project_Settings/Startup_Code/startup_S32K148.o
LOAD ./Project_Settings/Startup_Code/system_S32K148.o
LOAD ./src/main.o
START GROUP
LOAD d:/nxp/s32ds_arm_v2.2/s32ds/build_tools/gcc_v6.3/gcc-6.3-arm32-eabi/bin/../lib/gcc/arm-none-eabi/6.3.1/thumb/v7e-m\libgcc.a
LOAD D:/NXP/S32DS_ARM_v2.2/S32DS/build_tools/gcc_v6.3/gcc-6.3-arm32-eabi/arm-none-eabi/newlib/lib/thumb/v7e-m\libc.a
END GROUP
START GROUP
LOAD d:/nxp/s32ds_arm_v2.2/s32ds/build_tools/gcc_v6.3/gcc-6.3-arm32-eabi/bin/../lib/gcc/arm-none-eabi/6.3.1/thumb/v7e-m\libgcc.a
LOAD D:/NXP/S32DS_ARM_v2.2/S32DS/build_tools/gcc_v6.3/gcc-6.3-arm32-eabi/arm-none-eabi/newlib/lib/thumb/v7e-m\libc.a
LOAD D:/NXP/S32DS_ARM_v2.2/S32DS/build_tools/gcc_v6.3/gcc-6.3-arm32-eabi/arm-none-eabi/newlib/lib/thumb/v7e-m\libnosys.a
END GROUP
LOAD d:/nxp/s32ds_arm_v2.2/s32ds/build_tools/gcc_v6.3/gcc-6.3-arm32-eabi/bin/../lib/gcc/arm-none-eabi/6.3.1/thumb/v7e-m/crtend.o
LOAD d:/nxp/s32ds_arm_v2.2/s32ds/build_tools/gcc_v6.3/gcc-6.3-arm32-eabi/bin/../lib/gcc/arm-none-eabi/6.3.1/thumb/v7e-m/crtn.o
                0x00000400                HEAP_SIZE = DEFINED (__heap_size__)?__heap_size__:0x400
                0x00000400                STACK_SIZE = DEFINED (__stack_size__)?__stack_size__:0x400
                0x00000400                M_VECTOR_RAM_SIZE = DEFINED (__flash_vector_table__)?0x0:0x400

.interrupts     0x00000000      0x400
                0x00000000                __VECTOR_TABLE = .
                0x00000000                __interrupts_start__ = .
                0x00000000                . = ALIGN (0x4)
 *(.isr_vector)
 .isr_vector    0x00000000      0x400 ./Project_Settings/Startup_Code/startup_S32K148.o
                0x00000000                __isr_vector
                0x00000400                __interrupts_end__ = .
                0x00000400                . = ALIGN (0x4)

.flash_config   0x00000400       0x10
                0x00000400                . = ALIGN (0x4)
 *(.FlashConfig)
 .FlashConfig   0x00000400       0x10 ./Project_Settings/Startup_Code/startup_S32K148.o
                0x00000410                . = ALIGN (0x4)

.text           0x00000410     0x1658
                0x00000410                . = ALIGN (0x4)
 *(.text)
 .text          0x00000410       0xa4 d:/nxp/s32ds_arm_v2.2/s32ds/build_tools/gcc_v6.3/gcc-6.3-arm32-eabi/bin/../lib/gcc/arm-none-eabi/6.3.1/thumb/v7e-m/crtbegin.o
 .text          0x000004b4       0x74 D:/NXP/S32DS_ARM_v2.2/S32DS/build_tools/gcc_v6.3/gcc-6.3-arm32-eabi/arm-none-eabi/newlib/lib/thumb/v7e-m/crt0.o
                0x000004b4                _start
                0x000004b4                _mainCRTStartup
 .text          0x00000528       0x6c ./Project_Settings/Startup_Code/startup_S32K148.o
                0x00000528                Reset_Handler
                0x00000590                FTM5_Ch2_Ch3_IRQHandler
                0x00000590                DebugMon_Handler
                0x00000590                CAN0_ORed_IRQHandler
                0x00000590                HardFault_Handler
                0x00000590                FTM7_Ch2_Ch3_IRQHandler
                0x00000590                Reserved103_IRQHandler
                0x00000590                FTM7_Ch6_Ch7_IRQHandler
                0x00000590                SysTick_Handler
                0x00000590                FTM2_Ovf_Reload_IRQHandler
                0x00000590                Reserved50_IRQHandler
                0x00000590                FTFC_Fault_IRQHandler
                0x00000590                FTM0_Ch6_Ch7_IRQHandler
                0x00000590                Reserved114_IRQHandler
                0x00000590                PendSV_Handler
                0x00000590                NMI_Handler
                0x00000590                ERM_double_fault_IRQHandler
                0x00000590                DMA2_IRQHandler
                0x00000590                Reserved59_IRQHandler
                0x00000590                LPIT0_Ch0_IRQHandler
                0x00000590                Reserved99_IRQHandler
                0x00000590                FTM7_Ch4_Ch5_IRQHandler
                0x00000590                FTM3_Ch6_Ch7_IRQHandler
                0x00000590                CAN2_ORed_0_15_MB_IRQHandler
                0x00000590                LPIT0_Ch3_IRQHandler
                0x00000590                LPI2C1_Master_IRQHandler
                0x00000590                FTM0_Ch4_Ch5_IRQHandler
                0x00000590                CAN1_Error_IRQHandler
                0x00000590                FTM4_Ch6_Ch7_IRQHandler
                0x00000590                FTM3_Ch0_Ch1_IRQHandler
                0x00000590                SWI_IRQHandler
                0x00000590                ADC0_IRQHandler
                0x00000590                FTM2_Ch4_Ch5_IRQHandler
                0x00000590                UsageFault_Handler
                0x00000590                FTM0_Ovf_Reload_IRQHandler
                0x00000590                FTM4_Fault_IRQHandler
                0x00000590                DefaultISR
                0x00000590                DMA9_IRQHandler
                0x00000590                Reserved58_IRQHandler
                0x00000590                FTM7_Fault_IRQHandler
                0x00000590                LPI2C1_Slave_IRQHandler
                0x00000590                CAN1_ORed_0_15_MB_IRQHandler
                0x00000590                FTM1_Ch2_Ch3_IRQHandler
                0x00000590                DMA14_IRQHandler
                0x00000590                Reserved82_IRQHandler
                0x00000590                CAN0_ORed_16_31_MB_IRQHandler
                0x00000590                LPI2C0_Slave_IRQHandler
                0x00000590                PORTD_IRQHandler
                0x00000590                SAI1_Rx_IRQHandler
                0x00000590                Reserved69_IRQHandler
                0x00000590                PORTB_IRQHandler
                0x00000590                Reserved70_IRQHandler
                0x00000590                ADC1_IRQHandler
                0x00000590                FTM2_Ch2_Ch3_IRQHandler
                0x00000590                FTM5_Ch0_Ch1_IRQHandler
                0x00000590                Reserved53_IRQHandler
                0x00000590                DMA5_IRQHandler
                0x00000590                RTC_IRQHandler
                0x00000590                PDB0_IRQHandler
                0x00000590                Reserved54_IRQHandler
                0x00000590                FTM6_Fault_IRQHandler
                0x00000590                FTM2_Ch6_Ch7_IRQHandler
                0x00000590                FTM6_Ch4_Ch5_IRQHandler
                0x00000590                FTM3_Ch2_Ch3_IRQHandler
                0x00000590                FTM6_Ch2_Ch3_IRQHandler
                0x00000590                FTM2_Ch0_Ch1_IRQHandler
                0x00000590                LPSPI1_IRQHandler
                0x00000590                LPUART1_RxTx_IRQHandler
                0x00000590                FTM4_Ovf_Reload_IRQHandler
                0x00000590                RTC_Seconds_IRQHandler
                0x00000590                FTM7_Ch0_Ch1_IRQHandler
                0x00000590                CAN2_ORed_IRQHandler
                0x00000590                Reserved110_IRQHandler
                0x00000590                DMA11_IRQHandler
                0x00000590                Reserved107_IRQHandler
                0x00000590                ENET_TIMER_IRQHandler
                0x00000590                Read_Collision_IRQHandler
                0x00000590                CAN2_Error_IRQHandler
                0x00000590                FTFC_IRQHandler
                0x00000590                DMA7_IRQHandler
                0x00000590                FTM1_Ch6_Ch7_IRQHandler
                0x00000590                FTM5_Fault_IRQHandler
                0x00000590                FTM6_Ovf_Reload_IRQHandler
                0x00000590                LPIT0_Ch1_IRQHandler
                0x00000590                FTM4_Ch0_Ch1_IRQHandler
                0x00000590                FTM1_Ch4_Ch5_IRQHandler
                0x00000590                FTM3_Ovf_Reload_IRQHandler
                0x00000590                SAI0_Tx_IRQHandler
                0x00000590                LPUART2_RxTx_IRQHandler
                0x00000590                FTM5_Ch4_Ch5_IRQHandler
                0x00000590                LPSPI0_IRQHandler
                0x00000590                WDOG_EWM_IRQHandler
                0x00000590                MemManage_Handler
                0x00000590                Reserved83_IRQHandler
                0x00000590                FTM0_Fault_IRQHandler
                0x00000590                FTM6_Ch6_Ch7_IRQHandler
                0x00000590                Reserved48_IRQHandler
                0x00000590                ENET_TX_IRQHandler
                0x00000590                ERM_single_fault_IRQHandler
                0x00000590                FTM2_Fault_IRQHandler
                0x00000590                FTM0_Ch2_Ch3_IRQHandler
                0x00000590                DMA13_IRQHandler
                0x00000590                FTM4_Ch2_Ch3_IRQHandler
                0x00000590                FTM0_Ch0_Ch1_IRQHandler
                0x00000590                FTM4_Ch4_Ch5_IRQHandler
                0x00000590                FTM5_Ovf_Reload_IRQHandler
                0x00000590                FTM3_Fault_IRQHandler
                0x00000590                RCM_IRQHandler
                0x00000590                DMA3_IRQHandler
                0x00000590                Reserved100_IRQHandler
                0x00000590                DMA0_IRQHandler
                0x00000590                CAN1_ORed_IRQHandler
                0x00000590                SAI0_Rx_IRQHandler
                0x00000590                DMA15_IRQHandler
                0x00000590                SCG_IRQHandler
                0x00000590                PDB1_IRQHandler
                0x00000590                CAN2_ORed_16_31_MB_IRQHandler
                0x00000590                CAN0_Error_IRQHandler
                0x00000590                LPI2C0_Master_IRQHandler
                0x00000590                ENET_WAKE_IRQHandler
                0x00000590                DMA4_IRQHandler
                0x00000590                FTM1_Fault_IRQHandler
                0x00000590                Reserved106_IRQHandler
                0x00000590                ENET_ERR_IRQHandler
                0x00000590                DMA_Error_IRQHandler
                0x00000590                LVD_LVW_IRQHandler
                0x00000590                ENET_STOP_IRQHandler
                0x00000590                ENET_RX_IRQHandler
                0x00000590                LPIT0_Ch2_IRQHandler
                0x00000590                PORTA_IRQHandler
                0x00000590                FTM5_Ch6_Ch7_IRQHandler
                0x00000590                CAN1_ORed_16_31_MB_IRQHandler
                0x00000590                MCM_IRQHandler
                0x00000590                LPSPI2_IRQHandler
                0x00000590                DMA12_IRQHandler
                0x00000590                FTM7_Ovf_Reload_IRQHandler
                0x00000590                FTM3_Ch4_Ch5_IRQHandler
                0x00000590                CAN0_ORed_0_15_MB_IRQHandler
                0x00000590                PORTE_IRQHandler
                0x00000590                LPUART0_RxTx_IRQHandler
                0x00000590                FTM6_Ch0_Ch1_IRQHandler
                0x00000590                LPTMR0_IRQHandler
                0x00000590                BusFault_Handler
                0x00000590                FTM1_Ovf_Reload_IRQHandler
                0x00000590                DMA8_IRQHandler
                0x00000590                DMA10_IRQHandler
                0x00000590                CAN0_Wake_Up_IRQHandler
                0x00000590                QSPI_IRQHandler
                0x00000590                CMP0_IRQHandler
                0x00000590                Reserved52_IRQHandler
                0x00000590                PORTC_IRQHandler
                0x00000590                DMA6_IRQHandler
                0x00000590                FTM1_Ch0_Ch1_IRQHandler
                0x00000590                FLEXIO_IRQHandler
                0x00000590                SAI1_Tx_IRQHandler
                0x00000590                DMA1_IRQHandler
                0x00000590                Reserved113_IRQHandler
 *(.text*)
 .text.Det_ReportError
                0x00000594       0xcc ./MCAL/Det_TS_T40D2M10I6R0/src/Det.o
                0x00000594                Det_ReportError
 .text.Mcu_CheckInit
                0x00000660       0x2c ./MCAL/Mcu_TS_T40D2M10I6R0/src/Mcu.o
 .text.Mcu_CheckInitClock
                0x0000068c       0x38 ./MCAL/Mcu_TS_T40D2M10I6R0/src/Mcu.o
 .text.Mcu_CheckSetMode
                0x000006c4       0x38 ./MCAL/Mcu_TS_T40D2M10I6R0/src/Mcu.o
 .text.Mcu_CheckDistributePllClock
                0x000006fc       0x2e ./MCAL/Mcu_TS_T40D2M10I6R0/src/Mcu.o
 *fill*         0x0000072a        0x2 
 .text.Mcu_HLDChecksEntry
                0x0000072c       0x54 ./MCAL/Mcu_TS_T40D2M10I6R0/src/Mcu.o
 .text.Mcu_HLDChecksExit
                0x00000780       0x40 ./MCAL/Mcu_TS_T40D2M10I6R0/src/Mcu.o
 .text.Mcu_Init
                0x000007c0       0xc4 ./MCAL/Mcu_TS_T40D2M10I6R0/src/Mcu.o
                0x000007c0                Mcu_Init
 .text.Mcu_InitClock
                0x00000884       0x64 ./MCAL/Mcu_TS_T40D2M10I6R0/src/Mcu.o
                0x00000884                Mcu_InitClock
 .text.Mcu_SetMode
                0x000008e8       0x50 ./MCAL/Mcu_TS_T40D2M10I6R0/src/Mcu.o
                0x000008e8                Mcu_SetMode
 .text.Mcu_DistributePllClock
                0x00000938       0x3a ./MCAL/Mcu_TS_T40D2M10I6R0/src/Mcu.o
                0x00000938                Mcu_DistributePllClock
 .text.Mcu_GetPllStatus
                0x00000972       0x30 ./MCAL/Mcu_TS_T40D2M10I6R0/src/Mcu.o
                0x00000972                Mcu_GetPllStatus
 .text.Mcu_Ipw_Init
                0x000009a2       0x38 ./MCAL/Mcu_TS_T40D2M10I6R0/src/Mcu_IPW.o
                0x000009a2                Mcu_Ipw_Init
 *fill*         0x000009da        0x2 
 .text.Mcu_Ipw_InitClock
                0x000009dc      0x130 ./MCAL/Mcu_TS_T40D2M10I6R0/src/Mcu_IPW.o
                0x000009dc                Mcu_Ipw_InitClock
 .text.Mcu_Ipw_DistributePllClock
                0x00000b0c       0x44 ./MCAL/Mcu_TS_T40D2M10I6R0/src/Mcu_IPW.o
                0x00000b0c                Mcu_Ipw_DistributePllClock
 .text.Mcu_Ipw_GetPllStatus
                0x00000b50       0x2c ./MCAL/Mcu_TS_T40D2M10I6R0/src/Mcu_IPW.o
                0x00000b50                Mcu_Ipw_GetPllStatus
 .text.Mcu_Ipw_SetMode
                0x00000b7c       0x16 ./MCAL/Mcu_TS_T40D2M10I6R0/src/Mcu_IPW.o
                0x00000b7c                Mcu_Ipw_SetMode
 .text.Mcu_PCC_PeripheralConfig
                0x00000b92       0xac ./MCAL/Mcu_TS_T40D2M10I6R0/src/Mcu_PCC.o
                0x00000b92                Mcu_PCC_PeripheralConfig
 *fill*         0x00000c3e        0x2 
 .text.Mcu_PMC_PowerInit
                0x00000c40       0x44 ./MCAL/Mcu_TS_T40D2M10I6R0/src/Mcu_PMC.o
                0x00000c40                Mcu_PMC_PowerInit
 .text.Mcu_RCM_ResetInit
                0x00000c84       0x38 ./MCAL/Mcu_TS_T40D2M10I6R0/src/Mcu_RCM.o
                0x00000c84                Mcu_RCM_ResetInit
 .text.Mcu_RCM_GetCurrentSystemResetIsrSettings
                0x00000cbc       0x28 ./MCAL/Mcu_TS_T40D2M10I6R0/src/Mcu_RCM.o
                0x00000cbc                Mcu_RCM_GetCurrentSystemResetIsrSettings
 .text.Mcu_RCM_SystemResetIsrConfig
                0x00000ce4       0x18 ./MCAL/Mcu_TS_T40D2M10I6R0/src/Mcu_RCM.o
                0x00000ce4                Mcu_RCM_SystemResetIsrConfig
 .text.Mcu_RCM_RestoreSystemResetIsrConfig
                0x00000cfc       0x24 ./MCAL/Mcu_TS_T40D2M10I6R0/src/Mcu_RCM.o
                0x00000cfc                Mcu_RCM_RestoreSystemResetIsrConfig
 .text.Mcu_SCG_SystemClockInit
                0x00000d20       0xdc ./MCAL/Mcu_TS_T40D2M10I6R0/src/Mcu_SCG.o
                0x00000d20                Mcu_SCG_SystemClockInit
 .text.Mcu_SCG_DropSystemClockToTrustedClock
                0x00000dfc      0x16c ./MCAL/Mcu_TS_T40D2M10I6R0/src/Mcu_SCG.o
                0x00000dfc                Mcu_SCG_DropSystemClockToTrustedClock
 .text.Mcu_SCG_SoscInit
                0x00000f68       0xa8 ./MCAL/Mcu_TS_T40D2M10I6R0/src/Mcu_SCG.o
                0x00000f68                Mcu_SCG_SoscInit
 .text.Mcu_SCG_SircInit
                0x00001010       0x88 ./MCAL/Mcu_TS_T40D2M10I6R0/src/Mcu_SCG.o
                0x00001010                Mcu_SCG_SircInit
 .text.Mcu_SCG_FircInit
                0x00001098       0x84 ./MCAL/Mcu_TS_T40D2M10I6R0/src/Mcu_SCG.o
                0x00001098                Mcu_SCG_FircInit
 .text.Mcu_SCG_SpllInit
                0x0000111c       0x70 ./MCAL/Mcu_TS_T40D2M10I6R0/src/Mcu_SCG.o
                0x0000111c                Mcu_SCG_SpllInit
 .text.Mcu_SCG_PrepareSpllBeforeSoscInit
                0x0000118c       0x38 ./MCAL/Mcu_TS_T40D2M10I6R0/src/Mcu_SCG.o
                0x0000118c                Mcu_SCG_PrepareSpllBeforeSoscInit
 .text.Mcu_SCG_GetCurrentPLLClockMonitorConfig
                0x000011c4       0x24 ./MCAL/Mcu_TS_T40D2M10I6R0/src/Mcu_SCG.o
                0x000011c4                Mcu_SCG_GetCurrentPLLClockMonitorConfig
 .text.Mcu_SCG_RestorePLLClockMonitorConfig
                0x000011e8       0x28 ./MCAL/Mcu_TS_T40D2M10I6R0/src/Mcu_SCG.o
                0x000011e8                Mcu_SCG_RestorePLLClockMonitorConfig
 .text.Mcu_SCG_GetPLLStatus
                0x00001210       0x38 ./MCAL/Mcu_TS_T40D2M10I6R0/src/Mcu_SCG.o
                0x00001210                Mcu_SCG_GetPLLStatus
 .text.Mcu_SCG_DisableSpllClock
                0x00001248       0x1c ./MCAL/Mcu_TS_T40D2M10I6R0/src/Mcu_SCG.o
                0x00001248                Mcu_SCG_DisableSpllClock
 .text.Mcu_SIM_Init
                0x00001264       0x98 ./MCAL/Mcu_TS_T40D2M10I6R0/src/Mcu_SIM.o
                0x00001264                Mcu_SIM_Init
 .text.Mcu_SIM_ClockConfig
                0x000012fc       0x78 ./MCAL/Mcu_TS_T40D2M10I6R0/src/Mcu_SIM.o
                0x000012fc                Mcu_SIM_ClockConfig
 .text.Mcu_SMC_AllowedModesConfig
                0x00001374       0x24 ./MCAL/Mcu_TS_T40D2M10I6R0/src/Mcu_SMC.o
                0x00001374                Mcu_SMC_AllowedModesConfig
 .text.Mcu_SMC_ModeConfig
                0x00001398       0x88 ./MCAL/Mcu_TS_T40D2M10I6R0/src/Mcu_SMC.o
                0x00001398                Mcu_SMC_ModeConfig
 .text.init_data_bss
                0x00001420      0x128 ./Project_Settings/Startup_Code/startup.o
                0x00001420                init_data_bss
 .text.SystemInit
                0x00001548       0x44 ./Project_Settings/Startup_Code/system_S32K148.o
                0x00001548                SystemInit
 .text.main     0x0000158c       0x30 ./src/main.o
                0x0000158c                main
 .text.SVC_Handler
                0x000015bc       0x16 ./src/main.o
                0x000015bc                SVC_Handler
 *fill*         0x000015d2        0x2 
 .text.exit     0x000015d4       0x20 D:/NXP/S32DS_ARM_v2.2/S32DS/build_tools/gcc_v6.3/gcc-6.3-arm32-eabi/arm-none-eabi/newlib/lib/thumb/v7e-m\libc.a(lib_a-exit.o)
                0x000015d4                exit
 .text.__libc_init_array
                0x000015f4       0x48 D:/NXP/S32DS_ARM_v2.2/S32DS/build_tools/gcc_v6.3/gcc-6.3-arm32-eabi/arm-none-eabi/newlib/lib/thumb/v7e-m\libc.a(lib_a-init.o)
                0x000015f4                __libc_init_array
 .text.memset   0x0000163c       0x10 D:/NXP/S32DS_ARM_v2.2/S32DS/build_tools/gcc_v6.3/gcc-6.3-arm32-eabi/arm-none-eabi/newlib/lib/thumb/v7e-m\libc.a(lib_a-memset.o)
                0x0000163c                memset
 .text.startup.register_fini
                0x0000164c       0x14 D:/NXP/S32DS_ARM_v2.2/S32DS/build_tools/gcc_v6.3/gcc-6.3-arm32-eabi/arm-none-eabi/newlib/lib/thumb/v7e-m\libc.a(lib_a-__call_atexit.o)
 .text.__call_exitprocs
                0x00001660       0xc8 D:/NXP/S32DS_ARM_v2.2/S32DS/build_tools/gcc_v6.3/gcc-6.3-arm32-eabi/arm-none-eabi/newlib/lib/thumb/v7e-m\libc.a(lib_a-__call_atexit.o)
                0x00001660                __call_exitprocs
 .text.__libc_fini_array
                0x00001728       0x28 D:/NXP/S32DS_ARM_v2.2/S32DS/build_tools/gcc_v6.3/gcc-6.3-arm32-eabi/arm-none-eabi/newlib/lib/thumb/v7e-m\libc.a(lib_a-fini.o)
                0x00001728                __libc_fini_array
 .text.atexit   0x00001750        0xc D:/NXP/S32DS_ARM_v2.2/S32DS/build_tools/gcc_v6.3/gcc-6.3-arm32-eabi/arm-none-eabi/newlib/lib/thumb/v7e-m\libc.a(lib_a-atexit.o)
                0x00001750                atexit
 .text.__register_exitproc
                0x0000175c       0x98 D:/NXP/S32DS_ARM_v2.2/S32DS/build_tools/gcc_v6.3/gcc-6.3-arm32-eabi/arm-none-eabi/newlib/lib/thumb/v7e-m\libc.a(lib_a-__atexit.o)
                0x0000175c                __register_exitproc
 .text._exit    0x000017f4        0x2 D:/NXP/S32DS_ARM_v2.2/S32DS/build_tools/gcc_v6.3/gcc-6.3-arm32-eabi/arm-none-eabi/newlib/lib/thumb/v7e-m\libnosys.a(_exit.o)
                0x000017f4                _exit
 *(.rodata)
 *(.rodata*)
 *fill*         0x000017f6        0x2 
 .rodata.Mcu_Mode_ConfigPB0
                0x000017f8       0x10 ./MCAL/Config/Src/Mcu_PBcfg.o
 .rodata.SIM_ClockConfigPB0_0
                0x00001808        0xc ./MCAL/Config/Src/Mcu_PBcfg.o
 .rodata.SOSC_ClockConfigPB0_0
                0x00001814       0x18 ./MCAL/Config/Src/Mcu_PBcfg.o
 .rodata.SIRC_ClockConfigPB0_0
                0x0000182c       0x18 ./MCAL/Config/Src/Mcu_PBcfg.o
 .rodata.FIRC_ClockConfigPB0_0
                0x00001844       0x18 ./MCAL/Config/Src/Mcu_PBcfg.o
 .rodata.SPLL_ClockConfigPB0_0
                0x0000185c       0x18 ./MCAL/Config/Src/Mcu_PBcfg.o
 .rodata.SCG_ClockConfigPB0_0
                0x00001874       0x20 ./MCAL/Config/Src/Mcu_PBcfg.o
 .rodata.PCC_aRegistersConfigPB0_0
                0x00001894      0x148 ./MCAL/Config/Src/Mcu_PBcfg.o
 .rodata.PCC_ClockConfigPB0_0
                0x000019dc        0x8 ./MCAL/Config/Src/Mcu_PBcfg.o
 .rodata.Mcu_ClockConfigPB0
                0x000019e4       0x14 ./MCAL/Config/Src/Mcu_PBcfg.o
 .rodata.RCM_ResetConfigPB0
                0x000019f8        0x8 ./MCAL/Config/Src/Mcu_PBcfg.o
 .rodata.SIM_ConfigPB0
                0x00001a00       0x1c ./MCAL/Config/Src/Mcu_PBcfg.o
 .rodata.PMC_ConfigPB0
                0x00001a1c        0x3 ./MCAL/Config/Src/Mcu_PBcfg.o
 *fill*         0x00001a1f        0x1 
 .rodata.SMC_ConfigPB0
                0x00001a20        0x4 ./MCAL/Config/Src/Mcu_PBcfg.o
 .rodata.Mcu_HwIPsConfigPB0
                0x00001a24       0x10 ./MCAL/Config/Src/Mcu_PBcfg.o
 .rodata.Mcu_Config
                0x00001a34       0x18 ./MCAL/Config/Src/Mcu_PBcfg.o
                0x00001a34                Mcu_Config
 .rodata._global_impure_ptr
                0x00001a4c        0x4 D:/NXP/S32DS_ARM_v2.2/S32DS/build_tools/gcc_v6.3/gcc-6.3-arm32-eabi/arm-none-eabi/newlib/lib/thumb/v7e-m\libc.a(lib_a-impure.o)
                0x00001a4c                _global_impure_ptr
 *(.glue_7)
 .glue_7        0x00001a50        0x0 linker stubs
 *(.glue_7t)
 .glue_7t       0x00001a50        0x0 linker stubs
 *(.eh_frame)
 .eh_frame      0x00001a50        0x0 d:/nxp/s32ds_arm_v2.2/s32ds/build_tools/gcc_v6.3/gcc-6.3-arm32-eabi/bin/../lib/gcc/arm-none-eabi/6.3.1/thumb/v7e-m/crtbegin.o
 *(.init)
 .init          0x00001a50        0x4 d:/nxp/s32ds_arm_v2.2/s32ds/build_tools/gcc_v6.3/gcc-6.3-arm32-eabi/bin/../lib/gcc/arm-none-eabi/6.3.1/thumb/v7e-m/crti.o
                0x00001a50                _init
 .init          0x00001a54        0x8 d:/nxp/s32ds_arm_v2.2/s32ds/build_tools/gcc_v6.3/gcc-6.3-arm32-eabi/bin/../lib/gcc/arm-none-eabi/6.3.1/thumb/v7e-m/crtn.o
 *(.fini)
 .fini          0x00001a5c        0x4 d:/nxp/s32ds_arm_v2.2/s32ds/build_tools/gcc_v6.3/gcc-6.3-arm32-eabi/bin/../lib/gcc/arm-none-eabi/6.3.1/thumb/v7e-m/crti.o
                0x00001a5c                _fini
 .fini          0x00001a60        0x8 d:/nxp/s32ds_arm_v2.2/s32ds/build_tools/gcc_v6.3/gcc-6.3-arm32-eabi/bin/../lib/gcc/arm-none-eabi/6.3.1/thumb/v7e-m/crtn.o
                0x00001a68                . = ALIGN (0x4)

.vfp11_veneer   0x00001a68        0x0
 .vfp11_veneer  0x00001a68        0x0 linker stubs

.v4_bx          0x00001a68        0x0
 .v4_bx         0x00001a68        0x0 linker stubs

.iplt           0x00001a68        0x0
 .iplt          0x00001a68        0x0 d:/nxp/s32ds_arm_v2.2/s32ds/build_tools/gcc_v6.3/gcc-6.3-arm32-eabi/bin/../lib/gcc/arm-none-eabi/6.3.1/thumb/v7e-m/crtbegin.o

.ARM.extab
 *(.ARM.extab* .gnu.linkonce.armextab.*)

.ARM            0x00001a68        0x8
                0x00001a68                __exidx_start = .
 *(.ARM.exidx*)
 .ARM.exidx     0x00001a68        0x8 D:/NXP/S32DS_ARM_v2.2/S32DS/build_tools/gcc_v6.3/gcc-6.3-arm32-eabi/arm-none-eabi/newlib/lib/thumb/v7e-m/crt0.o
                0x00001a70                __exidx_end = .

.rel.dyn        0x00001a70        0x0
 .rel.iplt      0x00001a70        0x0 d:/nxp/s32ds_arm_v2.2/s32ds/build_tools/gcc_v6.3/gcc-6.3-arm32-eabi/bin/../lib/gcc/arm-none-eabi/6.3.1/thumb/v7e-m/crtbegin.o

.ctors          0x00001a70        0x0
                0x00001a70                __CTOR_LIST__ = .
 *crtbegin.o(.ctors)
 *crtbegin?.o(.ctors)
 *(EXCLUDE_FILE(*crtend.o *crtend?.o) .ctors)
 *(SORT(.ctors.*))
 *(.ctors)
                0x00001a70                __CTOR_END__ = .

.dtors          0x00001a70        0x0
                0x00001a70                __DTOR_LIST__ = .
 *crtbegin.o(.dtors)
 *crtbegin?.o(.dtors)
 *(EXCLUDE_FILE(*crtend.o *crtend?.o) .dtors)
 *(SORT(.dtors.*))
 *(.dtors)
                0x00001a70                __DTOR_END__ = .

.preinit_array  0x00001a70        0x0
                0x00001a70                PROVIDE (__preinit_array_start, .)
 *(.preinit_array*)
                0x00001a70                PROVIDE (__preinit_array_end, .)

.init_array     0x00001a70        0x8
                0x00001a70                PROVIDE (__init_array_start, .)
 *(SORT(.init_array.*))
 .init_array.00000
                0x00001a70        0x4 D:/NXP/S32DS_ARM_v2.2/S32DS/build_tools/gcc_v6.3/gcc-6.3-arm32-eabi/arm-none-eabi/newlib/lib/thumb/v7e-m\libc.a(lib_a-__call_atexit.o)
 *(.init_array*)
 .init_array    0x00001a74        0x4 d:/nxp/s32ds_arm_v2.2/s32ds/build_tools/gcc_v6.3/gcc-6.3-arm32-eabi/bin/../lib/gcc/arm-none-eabi/6.3.1/thumb/v7e-m/crtbegin.o
                0x00001a78                PROVIDE (__init_array_end, .)

.fini_array     0x00001a78        0x4
                0x00001a78                PROVIDE (__fini_array_start, .)
 *(SORT(.fini_array.*))
 *(.fini_array*)
 .fini_array    0x00001a78        0x4 d:/nxp/s32ds_arm_v2.2/s32ds/build_tools/gcc_v6.3/gcc-6.3-arm32-eabi/bin/../lib/gcc/arm-none-eabi/6.3.1/thumb/v7e-m/crtbegin.o
                0x00001a7c                PROVIDE (__fini_array_end, .)
                0x00001a7c                __etext = .
                0x00001a7c                __DATA_ROM = .

.interrupts_ram
                0x1ffe0000      0x400
                0x1ffe0000                . = ALIGN (0x4)
                0x1ffe0000                __VECTOR_RAM__ = .
                0x1ffe0000                __RAM_START = .
                0x1ffe0000                __interrupts_ram_start__ = .
 *(.m_interrupts_ram)
                0x1ffe0400                . = (. + M_VECTOR_RAM_SIZE)
 *fill*         0x1ffe0000      0x400 
                0x1ffe0400                . = ALIGN (0x4)
                0x1ffe0400                __interrupts_ram_end__ = .
                0x1ffe0000                __VECTOR_RAM = DEFINED (__flash_vector_table__)?ORIGIN (m_interrupts):__VECTOR_RAM__
                0x00000400                __RAM_VECTOR_TABLE_SIZE = DEFINED (__flash_vector_table__)?0x0:(__interrupts_ram_end__ - __interrupts_ram_start__)

.data           0x1ffe0400      0x424 load address 0x00001a7c
                0x1ffe0400                . = ALIGN (0x4)
                0x1ffe0400                __DATA_RAM = .
                0x1ffe0400                __data_start__ = .
 *(.data)
 *(.data*)
 .data.Mcu_eStatus
                0x1ffe0400        0x1 ./MCAL/Mcu_TS_T40D2M10I6R0/src/Mcu.o
 *fill*         0x1ffe0401        0x7 
 .data.impure_data
                0x1ffe0408      0x418 D:/NXP/S32DS_ARM_v2.2/S32DS/build_tools/gcc_v6.3/gcc-6.3-arm32-eabi/arm-none-eabi/newlib/lib/thumb/v7e-m\libc.a(lib_a-impure.o)
 *(.jcr*)
 .jcr           0x1ffe0820        0x0 d:/nxp/s32ds_arm_v2.2/s32ds/build_tools/gcc_v6.3/gcc-6.3-arm32-eabi/bin/../lib/gcc/arm-none-eabi/6.3.1/thumb/v7e-m/crtbegin.o
 .jcr           0x1ffe0820        0x4 d:/nxp/s32ds_arm_v2.2/s32ds/build_tools/gcc_v6.3/gcc-6.3-arm32-eabi/bin/../lib/gcc/arm-none-eabi/6.3.1/thumb/v7e-m/crtend.o
                0x1ffe0824                . = ALIGN (0x4)
                0x1ffe0824                __data_end__ = .
                0x00001ea0                __DATA_END = (__DATA_ROM + (__data_end__ - __data_start__))
                0x00001ea0                __CODE_ROM = __DATA_END

.tm_clone_table
                0x1ffe0824        0x0 load address 0x00001ea0
 .tm_clone_table
                0x1ffe0824        0x0 d:/nxp/s32ds_arm_v2.2/s32ds/build_tools/gcc_v6.3/gcc-6.3-arm32-eabi/bin/../lib/gcc/arm-none-eabi/6.3.1/thumb/v7e-m/crtbegin.o
 .tm_clone_table
                0x1ffe0824        0x0 d:/nxp/s32ds_arm_v2.2/s32ds/build_tools/gcc_v6.3/gcc-6.3-arm32-eabi/bin/../lib/gcc/arm-none-eabi/6.3.1/thumb/v7e-m/crtend.o

.igot.plt       0x1ffe0824        0x0 load address 0x00001ea0
 .igot.plt      0x1ffe0824        0x0 d:/nxp/s32ds_arm_v2.2/s32ds/build_tools/gcc_v6.3/gcc-6.3-arm32-eabi/bin/../lib/gcc/arm-none-eabi/6.3.1/thumb/v7e-m/crtbegin.o

.code           0x1ffe0824        0x0 load address 0x00001ea0
                0x1ffe0824                . = ALIGN (0x4)
                0x1ffe0824                __CODE_RAM = .
                0x1ffe0824                __code_start__ = .
                0x1ffe0824                __code_ram_start__ = .
 *(.code_ram)
                0x1ffe0824                . = ALIGN (0x4)
                0x1ffe0824                __code_end__ = .
                0x1ffe0824                __code_ram_end__ = .
                0x00001ea0                __CODE_END = (__CODE_ROM + (__code_end__ - __code_start__))
                0x00001ea0                __CUSTOM_ROM = __CODE_END

.customSectionBlock
                0x20000000        0x0 load address 0x00001ea0
                0x20000000                __customSection_start__ = .
 *(.customSection)
                0x20000000                __customSection_end__ = .
                0x00001ea0                __CUSTOM_END = (__CUSTOM_ROM + (__customSection_end__ - __customSection_start__))

.bss            0x20000000       0xbc
                0x20000000                . = ALIGN (0x4)
                0x20000000                __BSS_START = .
                0x20000000                __bss_start__ = .
 *(.bss)
 .bss           0x20000000       0x1c d:/nxp/s32ds_arm_v2.2/s32ds/build_tools/gcc_v6.3/gcc-6.3-arm32-eabi/bin/../lib/gcc/arm-none-eabi/6.3.1/thumb/v7e-m/crtbegin.o
 *(.bss*)
 .bss.Mcu_au8ClockConfigIds
                0x2000001c        0x1 ./MCAL/Mcu_TS_T40D2M10I6R0/src/Mcu.o
 *fill*         0x2000001d        0x3 
 .bss.Mcu_au8ModeConfigIds
                0x20000020        0x2 ./MCAL/Mcu_TS_T40D2M10I6R0/src/Mcu.o
 *fill*         0x20000022        0x2 
 .bss.Mcu_pConfigPtr
                0x20000024        0x4 ./MCAL/Mcu_TS_T40D2M10I6R0/src/Mcu.o
                0x20000024                Mcu_pConfigPtr
 .bss.Mcu_pClockConfig
                0x20000028        0x4 ./MCAL/Mcu_TS_T40D2M10I6R0/src/Mcu_IPW.o
 *(COMMON)
 COMMON         0x2000002c       0x90 ./MCAL/Det_TS_T40D2M10I6R0/src/Det.o
                0x2000002c                Det_ErrorId
                0x20000034                Det_RuntimeErrorId
                0x2000003c                Det_RuntimeModuleId
                0x2000004c                Det_TransientFaultId
                0x20000054                Det_InstanceId
                0x2000005c                Det_TransientApiId
                0x20000064                Det_numEventErrors
                0x20000068                Det_numRuntimeEventErrors
                0x2000006c                Det_ApiId
                0x20000074                Det_numTransientEventErrors
                0x20000078                Det_TransientModuleId
                0x20000088                Det_OverflowEvent
                0x2000008c                Det_RuntimeApiId
                0x20000094                Det_TransientOverflowEvent
                0x20000098                Det_ModuleId
                0x200000a8                Det_RuntimeOverflowEvent
                0x200000ac                Det_TransientInstanceId
                0x200000b4                Det_RuntimeInstanceId
                0x200000bc                . = ALIGN (0x4)
                0x200000bc                __bss_end__ = .
                0x200000bc                __BSS_END = .

.heap           0x200000bc      0x404
                0x200000c0                . = ALIGN (0x8)
 *fill*         0x200000bc        0x4 
                0x200000c0                __end__ = .
                0x200000c0                __heap_start__ = .
                [!provide]                PROVIDE (end, .)
                [!provide]                PROVIDE (_end, .)
                [!provide]                PROVIDE (__end, .)
                0x200000c0                __HeapBase = .
                0x200004c0                . = (. + HEAP_SIZE)
 *fill*         0x200000c0      0x400 
                0x200004c0                __HeapLimit = .
                0x200004c0                __heap_limit = .
                0x200004c0                __heap_end__ = .
                0x2001f000                __StackTop = (ORIGIN (m_data_2) + LENGTH (m_data_2))
                0x2001ec00                __StackLimit = (__StackTop - STACK_SIZE)
                0x2001f000                PROVIDE (__stack, __StackTop)
                0x2001f000                __RAM_END = __StackTop

.stack          0x2001ec00      0x400
                0x2001ec00                . = ALIGN (0x8)
                0x2001ec00                __stack_start__ = .
                0x2001f000                . = (. + STACK_SIZE)
 *fill*         0x2001ec00      0x400 
                0x2001f000                __stack_end__ = .
                0x20000000                __START_BSS = __BSS_START
                0x200000bc                __END_BSS = __BSS_END
                0x2001f000                __SP_INIT = __StackTop

.ARM.attributes
                0x00000000       0x2a
 *(.ARM.attributes)
 .ARM.attributes
                0x00000000       0x1e d:/nxp/s32ds_arm_v2.2/s32ds/build_tools/gcc_v6.3/gcc-6.3-arm32-eabi/bin/../lib/gcc/arm-none-eabi/6.3.1/thumb/v7e-m/crti.o
 .ARM.attributes
                0x0000001e       0x2e d:/nxp/s32ds_arm_v2.2/s32ds/build_tools/gcc_v6.3/gcc-6.3-arm32-eabi/bin/../lib/gcc/arm-none-eabi/6.3.1/thumb/v7e-m/crtbegin.o
 .ARM.attributes
                0x0000004c       0x1c D:/NXP/S32DS_ARM_v2.2/S32DS/build_tools/gcc_v6.3/gcc-6.3-arm32-eabi/arm-none-eabi/newlib/lib/thumb/v7e-m/crt0.o
 .ARM.attributes
                0x00000068       0x33 ./MCAL/Config/Src/Mcu_PBcfg.o
 .ARM.attributes
                0x0000009b       0x33 ./MCAL/Det_TS_T40D2M10I6R0/src/Det.o
 .ARM.attributes
                0x000000ce       0x33 ./MCAL/Mcu_TS_T40D2M10I6R0/src/Mcu.o
 .ARM.attributes
                0x00000101       0x33 ./MCAL/Mcu_TS_T40D2M10I6R0/src/Mcu_IPW.o
 .ARM.attributes
                0x00000134       0x33 ./MCAL/Mcu_TS_T40D2M10I6R0/src/Mcu_PCC.o
 .ARM.attributes
                0x00000167       0x33 ./MCAL/Mcu_TS_T40D2M10I6R0/src/Mcu_PMC.o
 .ARM.attributes
                0x0000019a       0x33 ./MCAL/Mcu_TS_T40D2M10I6R0/src/Mcu_RCM.o
 .ARM.attributes
                0x000001cd       0x33 ./MCAL/Mcu_TS_T40D2M10I6R0/src/Mcu_SCG.o
 .ARM.attributes
                0x00000200       0x33 ./MCAL/Mcu_TS_T40D2M10I6R0/src/Mcu_SIM.o
 .ARM.attributes
                0x00000233       0x33 ./MCAL/Mcu_TS_T40D2M10I6R0/src/Mcu_SMC.o
 .ARM.attributes
                0x00000266       0x33 ./Project_Settings/Startup_Code/startup.o
 .ARM.attributes
                0x00000299       0x1b ./Project_Settings/Startup_Code/startup_S32K148.o
 .ARM.attributes
                0x000002b4       0x33 ./Project_Settings/Startup_Code/system_S32K148.o
 .ARM.attributes
                0x000002e7       0x33 ./src/main.o
 .ARM.attributes
                0x0000031a       0x2e D:/NXP/S32DS_ARM_v2.2/S32DS/build_tools/gcc_v6.3/gcc-6.3-arm32-eabi/arm-none-eabi/newlib/lib/thumb/v7e-m\libc.a(lib_a-exit.o)
 .ARM.attributes
                0x00000348       0x2e D:/NXP/S32DS_ARM_v2.2/S32DS/build_tools/gcc_v6.3/gcc-6.3-arm32-eabi/arm-none-eabi/newlib/lib/thumb/v7e-m\libc.a(lib_a-impure.o)
 .ARM.attributes
                0x00000376       0x2e D:/NXP/S32DS_ARM_v2.2/S32DS/build_tools/gcc_v6.3/gcc-6.3-arm32-eabi/arm-none-eabi/newlib/lib/thumb/v7e-m\libc.a(lib_a-init.o)
 .ARM.attributes
                0x000003a4       0x2e D:/NXP/S32DS_ARM_v2.2/S32DS/build_tools/gcc_v6.3/gcc-6.3-arm32-eabi/arm-none-eabi/newlib/lib/thumb/v7e-m\libc.a(lib_a-memset.o)
 .ARM.attributes
                0x000003d2       0x2e D:/NXP/S32DS_ARM_v2.2/S32DS/build_tools/gcc_v6.3/gcc-6.3-arm32-eabi/arm-none-eabi/newlib/lib/thumb/v7e-m\libc.a(lib_a-__call_atexit.o)
 .ARM.attributes
                0x00000400       0x2e D:/NXP/S32DS_ARM_v2.2/S32DS/build_tools/gcc_v6.3/gcc-6.3-arm32-eabi/arm-none-eabi/newlib/lib/thumb/v7e-m\libc.a(lib_a-fini.o)
 .ARM.attributes
                0x0000042e       0x2e D:/NXP/S32DS_ARM_v2.2/S32DS/build_tools/gcc_v6.3/gcc-6.3-arm32-eabi/arm-none-eabi/newlib/lib/thumb/v7e-m\libc.a(lib_a-atexit.o)
 .ARM.attributes
                0x0000045c       0x2e D:/NXP/S32DS_ARM_v2.2/S32DS/build_tools/gcc_v6.3/gcc-6.3-arm32-eabi/arm-none-eabi/newlib/lib/thumb/v7e-m\libc.a(lib_a-__atexit.o)
 .ARM.attributes
                0x0000048a       0x2e D:/NXP/S32DS_ARM_v2.2/S32DS/build_tools/gcc_v6.3/gcc-6.3-arm32-eabi/arm-none-eabi/newlib/lib/thumb/v7e-m\libnosys.a(_exit.o)
 .ARM.attributes
                0x000004b8       0x2e d:/nxp/s32ds_arm_v2.2/s32ds/build_tools/gcc_v6.3/gcc-6.3-arm32-eabi/bin/../lib/gcc/arm-none-eabi/6.3.1/thumb/v7e-m/crtend.o
 .ARM.attributes
                0x000004e6       0x1e d:/nxp/s32ds_arm_v2.2/s32ds/build_tools/gcc_v6.3/gcc-6.3-arm32-eabi/bin/../lib/gcc/arm-none-eabi/6.3.1/thumb/v7e-m/crtn.o
                0x00000001                ASSERT ((__StackLimit >= __HeapLimit), region m_data_2 overflowed with stack and heap)
OUTPUT(S32K148_MCAL_DEMO.elf elf32-littlearm)

.comment        0x00000000       0xa0
 .comment       0x00000000       0xa0 d:/nxp/s32ds_arm_v2.2/s32ds/build_tools/gcc_v6.3/gcc-6.3-arm32-eabi/bin/../lib/gcc/arm-none-eabi/6.3.1/thumb/v7e-m/crtbegin.o
                                 0xa1 (size before relaxing)
 .comment       0x000000a0       0xa1 ./MCAL/Config/Src/Mcu_PBcfg.o
 .comment       0x000000a0       0xa1 ./MCAL/Det_TS_T40D2M10I6R0/src/Det.o
 .comment       0x000000a0       0xa1 ./MCAL/Mcu_TS_T40D2M10I6R0/src/Mcu.o
 .comment       0x000000a0       0xa1 ./MCAL/Mcu_TS_T40D2M10I6R0/src/Mcu_IPW.o
 .comment       0x000000a0       0xa1 ./MCAL/Mcu_TS_T40D2M10I6R0/src/Mcu_PCC.o
 .comment       0x000000a0       0xa1 ./MCAL/Mcu_TS_T40D2M10I6R0/src/Mcu_PMC.o
 .comment       0x000000a0       0xa1 ./MCAL/Mcu_TS_T40D2M10I6R0/src/Mcu_RCM.o
 .comment       0x000000a0       0xa1 ./MCAL/Mcu_TS_T40D2M10I6R0/src/Mcu_SCG.o
 .comment       0x000000a0       0xa1 ./MCAL/Mcu_TS_T40D2M10I6R0/src/Mcu_SIM.o
 .comment       0x000000a0       0xa1 ./MCAL/Mcu_TS_T40D2M10I6R0/src/Mcu_SMC.o
 .comment       0x000000a0       0xa1 ./Project_Settings/Startup_Code/startup.o
 .comment       0x000000a0       0xa1 ./Project_Settings/Startup_Code/system_S32K148.o
 .comment       0x000000a0       0xa1 ./src/main.o
 .comment       0x000000a0       0xa1 d:/nxp/s32ds_arm_v2.2/s32ds/build_tools/gcc_v6.3/gcc-6.3-arm32-eabi/bin/../lib/gcc/arm-none-eabi/6.3.1/thumb/v7e-m/crtend.o

.debug_info     0x00000000     0x45e0
 .debug_info    0x00000000      0x6c7 ./MCAL/Config/Src/Mcu_PBcfg.o
 .debug_info    0x000006c7      0x394 ./MCAL/Det_TS_T40D2M10I6R0/src/Det.o
 .debug_info    0x00000a5b      0xad5 ./MCAL/Mcu_TS_T40D2M10I6R0/src/Mcu.o
 .debug_info    0x00001530      0x76e ./MCAL/Mcu_TS_T40D2M10I6R0/src/Mcu_IPW.o
 .debug_info    0x00001c9e      0x2a4 ./MCAL/Mcu_TS_T40D2M10I6R0/src/Mcu_PCC.o
 .debug_info    0x00001f42      0x6a2 ./MCAL/Mcu_TS_T40D2M10I6R0/src/Mcu_PMC.o
 .debug_info    0x000025e4      0x3f8 ./MCAL/Mcu_TS_T40D2M10I6R0/src/Mcu_RCM.o
 .debug_info    0x000029dc      0x557 ./MCAL/Mcu_TS_T40D2M10I6R0/src/Mcu_SCG.o
 .debug_info    0x00002f33      0x2eb ./MCAL/Mcu_TS_T40D2M10I6R0/src/Mcu_SIM.o
 .debug_info    0x0000321e      0x2ff ./MCAL/Mcu_TS_T40D2M10I6R0/src/Mcu_SMC.o
 .debug_info    0x0000351d      0x471 ./Project_Settings/Startup_Code/startup.o
 .debug_info    0x0000398e       0x26 ./Project_Settings/Startup_Code/startup_S32K148.o
 .debug_info    0x000039b4      0x660 ./Project_Settings/Startup_Code/system_S32K148.o
 .debug_info    0x00004014      0x5cc ./src/main.o

.debug_abbrev   0x00000000      0xf95
 .debug_abbrev  0x00000000       0xfc ./MCAL/Config/Src/Mcu_PBcfg.o
 .debug_abbrev  0x000000fc       0xf2 ./MCAL/Det_TS_T40D2M10I6R0/src/Det.o
 .debug_abbrev  0x000001ee      0x1c5 ./MCAL/Mcu_TS_T40D2M10I6R0/src/Mcu.o
 .debug_abbrev  0x000003b3      0x145 ./MCAL/Mcu_TS_T40D2M10I6R0/src/Mcu_IPW.o
 .debug_abbrev  0x000004f8      0x104 ./MCAL/Mcu_TS_T40D2M10I6R0/src/Mcu_PCC.o
 .debug_abbrev  0x000005fc      0x11a ./MCAL/Mcu_TS_T40D2M10I6R0/src/Mcu_PMC.o
 .debug_abbrev  0x00000716      0x15a ./MCAL/Mcu_TS_T40D2M10I6R0/src/Mcu_RCM.o
 .debug_abbrev  0x00000870      0x186 ./MCAL/Mcu_TS_T40D2M10I6R0/src/Mcu_SCG.o
 .debug_abbrev  0x000009f6      0x119 ./MCAL/Mcu_TS_T40D2M10I6R0/src/Mcu_SIM.o
 .debug_abbrev  0x00000b0f      0x117 ./MCAL/Mcu_TS_T40D2M10I6R0/src/Mcu_SMC.o
 .debug_abbrev  0x00000c26      0x108 ./Project_Settings/Startup_Code/startup.o
 .debug_abbrev  0x00000d2e       0x14 ./Project_Settings/Startup_Code/startup_S32K148.o
 .debug_abbrev  0x00000d42      0x125 ./Project_Settings/Startup_Code/system_S32K148.o
 .debug_abbrev  0x00000e67      0x12e ./src/main.o

.debug_aranges  0x00000000      0x338
 .debug_aranges
                0x00000000       0x18 ./MCAL/Config/Src/Mcu_PBcfg.o
 .debug_aranges
                0x00000018       0x40 ./MCAL/Det_TS_T40D2M10I6R0/src/Det.o
 .debug_aranges
                0x00000058       0x98 ./MCAL/Mcu_TS_T40D2M10I6R0/src/Mcu.o
 .debug_aranges
                0x000000f0       0x60 ./MCAL/Mcu_TS_T40D2M10I6R0/src/Mcu_IPW.o
 .debug_aranges
                0x00000150       0x20 ./MCAL/Mcu_TS_T40D2M10I6R0/src/Mcu_PCC.o
 .debug_aranges
                0x00000170       0x20 ./MCAL/Mcu_TS_T40D2M10I6R0/src/Mcu_PMC.o
 .debug_aranges
                0x00000190       0x48 ./MCAL/Mcu_TS_T40D2M10I6R0/src/Mcu_RCM.o
 .debug_aranges
                0x000001d8       0x78 ./MCAL/Mcu_TS_T40D2M10I6R0/src/Mcu_SCG.o
 .debug_aranges
                0x00000250       0x28 ./MCAL/Mcu_TS_T40D2M10I6R0/src/Mcu_SIM.o
 .debug_aranges
                0x00000278       0x28 ./MCAL/Mcu_TS_T40D2M10I6R0/src/Mcu_SMC.o
 .debug_aranges
                0x000002a0       0x20 ./Project_Settings/Startup_Code/startup.o
 .debug_aranges
                0x000002c0       0x20 ./Project_Settings/Startup_Code/startup_S32K148.o
 .debug_aranges
                0x000002e0       0x30 ./Project_Settings/Startup_Code/system_S32K148.o
 .debug_aranges
                0x00000310       0x28 ./src/main.o

.debug_macro    0x00000000    0x293b3
 .debug_macro   0x00000000      0x20b ./MCAL/Config/Src/Mcu_PBcfg.o
 .debug_macro   0x0000020b      0x324 ./MCAL/Config/Src/Mcu_PBcfg.o
 .debug_macro   0x0000052f      0x282 ./MCAL/Config/Src/Mcu_PBcfg.o
 .debug_macro   0x000007b1      0x60c ./MCAL/Config/Src/Mcu_PBcfg.o
 .debug_macro   0x00000dbd      0x7db ./MCAL/Config/Src/Mcu_PBcfg.o
 .debug_macro   0x00001598      0x10e ./MCAL/Config/Src/Mcu_PBcfg.o
 .debug_macro   0x000016a6       0x7d ./MCAL/Det_TS_T40D2M10I6R0/src/Det.o
 .debug_macro   0x00001723       0x40 ./MCAL/Det_TS_T40D2M10I6R0/src/Det.o
 .debug_macro   0x00001763      0x284 ./MCAL/Mcu_TS_T40D2M10I6R0/src/Mcu.o
 .debug_macro   0x000019e7      0x39d ./MCAL/Mcu_TS_T40D2M10I6R0/src/Mcu.o
 .debug_macro   0x00001d84       0x3b ./MCAL/Mcu_TS_T40D2M10I6R0/src/Mcu.o
 .debug_macro   0x00001dbf       0x50 ./MCAL/Mcu_TS_T40D2M10I6R0/src/Mcu.o
 .debug_macro   0x00001e0f       0x50 ./MCAL/Mcu_TS_T40D2M10I6R0/src/Mcu.o
 .debug_macro   0x00001e5f      0x31f ./MCAL/Mcu_TS_T40D2M10I6R0/src/Mcu_IPW.o
 .debug_macro   0x0000217e       0x2e ./MCAL/Mcu_TS_T40D2M10I6R0/src/Mcu_IPW.o
 .debug_macro   0x000021ac       0x35 ./MCAL/Mcu_TS_T40D2M10I6R0/src/Mcu_IPW.o
 .debug_macro   0x000021e1       0x52 ./MCAL/Mcu_TS_T40D2M10I6R0/src/Mcu_IPW.o
 .debug_macro   0x00002233       0x3b ./MCAL/Mcu_TS_T40D2M10I6R0/src/Mcu_IPW.o
 .debug_macro   0x0000226e       0x12 ./MCAL/Mcu_TS_T40D2M10I6R0/src/Mcu_IPW.o
 .debug_macro   0x00002280       0x3b ./MCAL/Mcu_TS_T40D2M10I6R0/src/Mcu_IPW.o
 .debug_macro   0x000022bb       0x12 ./MCAL/Mcu_TS_T40D2M10I6R0/src/Mcu_IPW.o
 .debug_macro   0x000022cd       0x3b ./MCAL/Mcu_TS_T40D2M10I6R0/src/Mcu_IPW.o
 .debug_macro   0x00002308       0x2e ./MCAL/Mcu_TS_T40D2M10I6R0/src/Mcu_IPW.o
 .debug_macro   0x00002336       0x3b ./MCAL/Mcu_TS_T40D2M10I6R0/src/Mcu_IPW.o
 .debug_macro   0x00002371       0x51 ./MCAL/Mcu_TS_T40D2M10I6R0/src/Mcu_IPW.o
 .debug_macro   0x000023c2       0x3b ./MCAL/Mcu_TS_T40D2M10I6R0/src/Mcu_IPW.o
 .debug_macro   0x000023fd       0x19 ./MCAL/Mcu_TS_T40D2M10I6R0/src/Mcu_IPW.o
 .debug_macro   0x00002416       0x3b ./MCAL/Mcu_TS_T40D2M10I6R0/src/Mcu_IPW.o
 .debug_macro   0x00002451       0x19 ./MCAL/Mcu_TS_T40D2M10I6R0/src/Mcu_IPW.o
 .debug_macro   0x0000246a       0x3b ./MCAL/Mcu_TS_T40D2M10I6R0/src/Mcu_IPW.o
 .debug_macro   0x000024a5      0x159 ./MCAL/Mcu_TS_T40D2M10I6R0/src/Mcu_PCC.o
 .debug_macro   0x000025fe       0x35 ./MCAL/Mcu_TS_T40D2M10I6R0/src/Mcu_PCC.o
 .debug_macro   0x00002633      0x31e ./MCAL/Mcu_TS_T40D2M10I6R0/src/Mcu_PCC.o
 .debug_macro   0x00002951      0x237 ./MCAL/Mcu_TS_T40D2M10I6R0/src/Mcu_PMC.o
 .debug_macro   0x00002b88       0x35 ./MCAL/Mcu_TS_T40D2M10I6R0/src/Mcu_PMC.o
 .debug_macro   0x00002bbd      0x17b ./MCAL/Mcu_TS_T40D2M10I6R0/src/Mcu_RCM.o
 .debug_macro   0x00002d38       0x2e ./MCAL/Mcu_TS_T40D2M10I6R0/src/Mcu_RCM.o
 .debug_macro   0x00002d66       0x35 ./MCAL/Mcu_TS_T40D2M10I6R0/src/Mcu_RCM.o
 .debug_macro   0x00002d9b      0x27c ./MCAL/Mcu_TS_T40D2M10I6R0/src/Mcu_RCM.o
 .debug_macro   0x00003017       0x50 ./MCAL/Mcu_TS_T40D2M10I6R0/src/Mcu_RCM.o
 .debug_macro   0x00003067       0x50 ./MCAL/Mcu_TS_T40D2M10I6R0/src/Mcu_RCM.o
 .debug_macro   0x000030b7      0x159 ./MCAL/Mcu_TS_T40D2M10I6R0/src/Mcu_SCG.o
 .debug_macro   0x00003210       0x34 ./MCAL/Mcu_TS_T40D2M10I6R0/src/Mcu_SCG.o
 .debug_macro   0x00003244       0x35 ./MCAL/Mcu_TS_T40D2M10I6R0/src/Mcu_SCG.o
 .debug_macro   0x00003279      0x606 ./MCAL/Mcu_TS_T40D2M10I6R0/src/Mcu_SCG.o
 .debug_macro   0x0000387f      0x159 ./MCAL/Mcu_TS_T40D2M10I6R0/src/Mcu_SIM.o
 .debug_macro   0x000039d8       0x2e ./MCAL/Mcu_TS_T40D2M10I6R0/src/Mcu_SIM.o
 .debug_macro   0x00003a06       0x35 ./MCAL/Mcu_TS_T40D2M10I6R0/src/Mcu_SIM.o
 .debug_macro   0x00003a3b      0x7d5 ./MCAL/Mcu_TS_T40D2M10I6R0/src/Mcu_SIM.o
 .debug_macro   0x00004210      0x193 ./MCAL/Mcu_TS_T40D2M10I6R0/src/Mcu_SMC.o
 .debug_macro   0x000043a3       0x2e ./MCAL/Mcu_TS_T40D2M10I6R0/src/Mcu_SMC.o
 .debug_macro   0x000043d1       0x35 ./MCAL/Mcu_TS_T40D2M10I6R0/src/Mcu_SMC.o
 .debug_macro   0x00004406       0xb5 ./Project_Settings/Startup_Code/startup.o
 .debug_macro   0x000044bb       0x22 ./Project_Settings/Startup_Code/startup.o
 .debug_macro   0x000044dd       0x87 ./Project_Settings/Startup_Code/startup.o
 .debug_macro   0x00004564       0x51 ./Project_Settings/Startup_Code/startup.o
 .debug_macro   0x000045b5       0xef ./Project_Settings/Startup_Code/startup.o
 .debug_macro   0x000046a4       0x6a ./Project_Settings/Startup_Code/startup.o
 .debug_macro   0x0000470e      0x1df ./Project_Settings/Startup_Code/startup.o
 .debug_macro   0x000048ed       0x10 ./Project_Settings/Startup_Code/startup.o
 .debug_macro   0x000048fd       0x7a ./Project_Settings/Startup_Code/startup.o
 .debug_macro   0x00004977    0x11d1d ./Project_Settings/Startup_Code/startup.o
 .debug_macro   0x00016694      0xcc5 ./Project_Settings/Startup_Code/startup.o
 .debug_macro   0x00017359       0x22 ./Project_Settings/Startup_Code/startup.o
 .debug_macro   0x0001737b       0x40 ./Project_Settings/Startup_Code/startup.o
 .debug_macro   0x000173bb       0xb4 ./Project_Settings/Startup_Code/system_S32K148.o
 .debug_macro   0x0001746f       0x16 ./Project_Settings/Startup_Code/system_S32K148.o
 .debug_macro   0x00017485    0x11d0b ./Project_Settings/Startup_Code/system_S32K148.o
 .debug_macro   0x00029190       0x2e ./Project_Settings/Startup_Code/system_S32K148.o
 .debug_macro   0x000291be      0x1f5 ./src/main.o

.debug_line     0x00000000     0x2fd2
 .debug_line    0x00000000      0x332 ./MCAL/Config/Src/Mcu_PBcfg.o
 .debug_line    0x00000332      0x1d8 ./MCAL/Det_TS_T40D2M10I6R0/src/Det.o
 .debug_line    0x0000050a      0x4eb ./MCAL/Mcu_TS_T40D2M10I6R0/src/Mcu.o
 .debug_line    0x000009f5      0x499 ./MCAL/Mcu_TS_T40D2M10I6R0/src/Mcu_IPW.o
 .debug_line    0x00000e8e      0x2e1 ./MCAL/Mcu_TS_T40D2M10I6R0/src/Mcu_PCC.o
 .debug_line    0x0000116f      0x39f ./MCAL/Mcu_TS_T40D2M10I6R0/src/Mcu_PMC.o
 .debug_line    0x0000150e      0x352 ./MCAL/Mcu_TS_T40D2M10I6R0/src/Mcu_RCM.o
 .debug_line    0x00001860      0x507 ./MCAL/Mcu_TS_T40D2M10I6R0/src/Mcu_SCG.o
 .debug_line    0x00001d67      0x2e7 ./MCAL/Mcu_TS_T40D2M10I6R0/src/Mcu_SIM.o
 .debug_line    0x0000204e      0x341 ./MCAL/Mcu_TS_T40D2M10I6R0/src/Mcu_SMC.o
 .debug_line    0x0000238f      0x335 ./Project_Settings/Startup_Code/startup.o
 .debug_line    0x000026c4       0x91 ./Project_Settings/Startup_Code/startup_S32K148.o
 .debug_line    0x00002755      0x353 ./Project_Settings/Startup_Code/system_S32K148.o
 .debug_line    0x00002aa8      0x52a ./src/main.o

.debug_str      0x00000000    0x917b5
 .debug_str     0x00000000    0x12238 ./MCAL/Config/Src/Mcu_PBcfg.o
                              0x123f3 (size before relaxing)
 .debug_str     0x00012238      0x3aa ./MCAL/Det_TS_T40D2M10I6R0/src/Det.o
                               0x4441 (size before relaxing)
 .debug_str     0x000125e2      0x664 ./MCAL/Mcu_TS_T40D2M10I6R0/src/Mcu.o
                               0x8ead (size before relaxing)
 .debug_str     0x00012c46     0x1cf9 ./MCAL/Mcu_TS_T40D2M10I6R0/src/Mcu_IPW.o
                               0xe8c0 (size before relaxing)
 .debug_str     0x0001493f     0x17c0 ./MCAL/Mcu_TS_T40D2M10I6R0/src/Mcu_PCC.o
                               0x9c8d (size before relaxing)
 .debug_str     0x000160ff      0x123 ./MCAL/Mcu_TS_T40D2M10I6R0/src/Mcu_PMC.o
                               0xa0b4 (size before relaxing)
 .debug_str     0x00016222      0x2b5 ./MCAL/Mcu_TS_T40D2M10I6R0/src/Mcu_RCM.o
                               0x9afe (size before relaxing)
 .debug_str     0x000164d7      0x25e ./MCAL/Mcu_TS_T40D2M10I6R0/src/Mcu_SCG.o
                               0xb95c (size before relaxing)
 .debug_str     0x00016735      0x12b ./MCAL/Mcu_TS_T40D2M10I6R0/src/Mcu_SIM.o
                               0xc425 (size before relaxing)
 .debug_str     0x00016860      0x155 ./MCAL/Mcu_TS_T40D2M10I6R0/src/Mcu_SMC.o
                               0x9837 (size before relaxing)
 .debug_str     0x000169b5    0x7ab19 ./Project_Settings/Startup_Code/startup.o
                              0x7d3bd (size before relaxing)
 .debug_str     0x000914ce       0x3f ./Project_Settings/Startup_Code/startup_S32K148.o
                                 0x81 (size before relaxing)
 .debug_str     0x0009150d      0x248 ./Project_Settings/Startup_Code/system_S32K148.o
                              0x7d1eb (size before relaxing)
 .debug_str     0x00091755       0x60 ./src/main.o
                              0x7ca6e (size before relaxing)

.debug_ranges   0x00000000      0x240
 .debug_ranges  0x00000000       0x30 ./MCAL/Det_TS_T40D2M10I6R0/src/Det.o
 .debug_ranges  0x00000030       0x88 ./MCAL/Mcu_TS_T40D2M10I6R0/src/Mcu.o
 .debug_ranges  0x000000b8       0x50 ./MCAL/Mcu_TS_T40D2M10I6R0/src/Mcu_IPW.o
 .debug_ranges  0x00000108       0x10 ./MCAL/Mcu_TS_T40D2M10I6R0/src/Mcu_PCC.o
 .debug_ranges  0x00000118       0x10 ./MCAL/Mcu_TS_T40D2M10I6R0/src/Mcu_PMC.o
 .debug_ranges  0x00000128       0x38 ./MCAL/Mcu_TS_T40D2M10I6R0/src/Mcu_RCM.o
 .debug_ranges  0x00000160       0x68 ./MCAL/Mcu_TS_T40D2M10I6R0/src/Mcu_SCG.o
 .debug_ranges  0x000001c8       0x18 ./MCAL/Mcu_TS_T40D2M10I6R0/src/Mcu_SIM.o
 .debug_ranges  0x000001e0       0x18 ./MCAL/Mcu_TS_T40D2M10I6R0/src/Mcu_SMC.o
 .debug_ranges  0x000001f8       0x10 ./Project_Settings/Startup_Code/startup.o
 .debug_ranges  0x00000208       0x20 ./Project_Settings/Startup_Code/system_S32K148.o
 .debug_ranges  0x00000228       0x18 ./src/main.o

.debug_frame    0x00000000      0xaf0
 .debug_frame   0x00000000       0xd4 ./MCAL/Det_TS_T40D2M10I6R0/src/Det.o
 .debug_frame   0x000000d4      0x24c ./MCAL/Mcu_TS_T40D2M10I6R0/src/Mcu.o
 .debug_frame   0x00000320      0x154 ./MCAL/Mcu_TS_T40D2M10I6R0/src/Mcu_IPW.o
 .debug_frame   0x00000474       0x38 ./MCAL/Mcu_TS_T40D2M10I6R0/src/Mcu_PCC.o
 .debug_frame   0x000004ac       0x38 ./MCAL/Mcu_TS_T40D2M10I6R0/src/Mcu_PMC.o
 .debug_frame   0x000004e4       0xf8 ./MCAL/Mcu_TS_T40D2M10I6R0/src/Mcu_RCM.o
 .debug_frame   0x000005dc      0x1e0 ./MCAL/Mcu_TS_T40D2M10I6R0/src/Mcu_SCG.o
 .debug_frame   0x000007bc       0x60 ./MCAL/Mcu_TS_T40D2M10I6R0/src/Mcu_SIM.o
 .debug_frame   0x0000081c       0x60 ./MCAL/Mcu_TS_T40D2M10I6R0/src/Mcu_SMC.o
 .debug_frame   0x0000087c       0x38 ./Project_Settings/Startup_Code/startup.o
 .debug_frame   0x000008b4       0x80 ./Project_Settings/Startup_Code/system_S32K148.o
 .debug_frame   0x00000934       0x54 ./src/main.o
 .debug_frame   0x00000988       0x28 D:/NXP/S32DS_ARM_v2.2/S32DS/build_tools/gcc_v6.3/gcc-6.3-arm32-eabi/arm-none-eabi/newlib/lib/thumb/v7e-m\libc.a(lib_a-exit.o)
 .debug_frame   0x000009b0       0x2c D:/NXP/S32DS_ARM_v2.2/S32DS/build_tools/gcc_v6.3/gcc-6.3-arm32-eabi/arm-none-eabi/newlib/lib/thumb/v7e-m\libc.a(lib_a-init.o)
 .debug_frame   0x000009dc       0x20 D:/NXP/S32DS_ARM_v2.2/S32DS/build_tools/gcc_v6.3/gcc-6.3-arm32-eabi/arm-none-eabi/newlib/lib/thumb/v7e-m\libc.a(lib_a-memset.o)
 .debug_frame   0x000009fc       0x4c D:/NXP/S32DS_ARM_v2.2/S32DS/build_tools/gcc_v6.3/gcc-6.3-arm32-eabi/arm-none-eabi/newlib/lib/thumb/v7e-m\libc.a(lib_a-__call_atexit.o)
 .debug_frame   0x00000a48       0x38 D:/NXP/S32DS_ARM_v2.2/S32DS/build_tools/gcc_v6.3/gcc-6.3-arm32-eabi/arm-none-eabi/newlib/lib/thumb/v7e-m\libc.a(lib_a-fini.o)
 .debug_frame   0x00000a80       0x20 D:/NXP/S32DS_ARM_v2.2/S32DS/build_tools/gcc_v6.3/gcc-6.3-arm32-eabi/arm-none-eabi/newlib/lib/thumb/v7e-m\libc.a(lib_a-atexit.o)
 .debug_frame   0x00000aa0       0x30 D:/NXP/S32DS_ARM_v2.2/S32DS/build_tools/gcc_v6.3/gcc-6.3-arm32-eabi/arm-none-eabi/newlib/lib/thumb/v7e-m\libc.a(lib_a-__atexit.o)
 .debug_frame   0x00000ad0       0x20 D:/NXP/S32DS_ARM_v2.2/S32DS/build_tools/gcc_v6.3/gcc-6.3-arm32-eabi/arm-none-eabi/newlib/lib/thumb/v7e-m\libnosys.a(_exit.o)
